// Jest Snapshot v1, https://goo.gl/fbAQLP

exports[`Rendering App renders correctly 1`] = `
<View
  style={
    Object {
      "alignItems": "center",
      "backgroundColor": "#FFF",
      "flex": 1,
      "justifyContent": "center",
    }
  }
  testID="ActivityIndicator"
>
  <ActivityIndicator
    animating={true}
    color="#5BCB02"
    hidesWhenStopped={true}
    size="large"
  />
</View>
`;

exports[`Rendering should match to snapshot 1`] = `
<View
  style={
    Object {
      "alignItems": "center",
      "backgroundColor": "#FFF",
      "flex": 1,
      "justifyContent": "center",
    }
  }
  testID="ActivityIndicator"
>
  <ActivityIndicator
    animating={true}
    color="#5BCB02"
    hidesWhenStopped={true}
    size="large"
  />
</View>
`;
